> Pressing left 4 times with a default 80 column width moves the cursor up a li> Pressing left 4 times with a default 80 column width moves the cursor up a lin[0K
[0K[1A> Pressing left 4 times with a default 80 column width moves the cursor up a line[0K[1C[0K[1A> Pressing left 4 times with a default 80 column width moves the cursor up a line[0K[0K[1A> Pressing left 4 times with a default 80 column width moves the cursor up a line[0K[1A[79C[1B[0K[1A> Pressing left 4 times with a default 80 column width moves the cursor up a line[0K[1A[78C[1B[0K[1A> Pressing left 4 times with a default 80 column width moves the cursor up a line[0K[1A[77C
