> This line is longer than the default width of 80 columns assumed by the test > This line is longer than the default width of 80 columns assumed by the test s[0K
[0K[1A> This line is longer than the default width of 80 columns assumed by the test su[0K[1C[0K[1A> This line is longer than the default width of 80 columns assumed by the test sui[0K[2C[0K[1A> This line is longer than the default width of 80 columns assumed by the test suit[0K[3C[0K[1A> This line is longer than the default width of 80 columns assumed by the test suite[0K[4C
echo: This line is longer than the default width of 80 columns assumed by the test suite
> 
