> This line is longer than the default width of 80 columns assumed by the test > his line is longer than the default width of 80 columns assumed by the test s[0K[79C> is line is longer than the default width of 80 columns assumed by the test su[0K[79C> s line is longer than the default width of 80 columns assumed by the test sui[0K[79C>  line is longer than the default width of 80 columns assumed by the test suit[0K[79C> line is longer than the default width of 80 columns assumed by the test suite[0K[79C>  line is longer than the default width of 80 columns assumed by the test suite[0K[79C> s line is longer than the default width of 80 columns assumed by the test suit[0K[79C> is line is longer than the default width of 80 columns assumed by the test sui[0K[79C> his line is longer than the default width of 80 columns assumed by the test su[0K[79C
