> three
echo: three
> four
echo: four
> five
echo: five
> six
echo: six
> seven
echo: seven
> eight
echo: eight
> nine
echo: nine
> ten
echo: ten
> eleven
echo: eleven
> twelve
echo: twelve
> thirteen
echo: thirteen
> fourteen
echo: fourteen
> fifteen
echo: fifteen
> sixteen
echo: sixteen
> seventeen
echo: seventeen
> eighteen
echo: eighteen
> nineteen
echo: nineteen
> twenty
echo: twenty
> twentyone
echo: twentyone
> twentytwo
echo: twentytwo
> twentythree
echo: twentythree
> twentyfour
echo: twentyfour
> twentyfive
echo: twentyfive
> twentysix
echo: twentysix
> twentyseven
echo: twentyseven
> twentyeight
echo: twentyeight
> twentynine
echo: twentynine
> thirtyone
echo: thirtyone
> thirtytwo
echo: thirtytwo
> thirtythree
echo: thirtythree
> thirtyfour
echo: thirtyfour
> thirtyfive
echo: thirtyfive
> thirtysix
echo: thirtysix
> thirtyseven
echo: thirtyseven
> thirtyeight
echo: thirtyeight
> thirtynine
echo: thirtynine
> 
